[jekyllrb.com/index.html]
[jekyllrb.com/feed.xml]
[backblue.gif]
[fade.gif]
[index.html]
[jekyllrb.com/feed/release.xml]
[github.com/jekyll/jekyll/commits/master.atom]
[jekyllrb.com/fonts/lato-v14-latin-300.woff2]
[jekyllrb.com/fonts/lato-v14-latin-700.woff2]
[jekyllrb.com/css/screen.css]
[jekyllrb.com/favicon.ico]
[jekyllrb.com/img/jekyll-og.png]
[jekyllrb.com/img/logo-2x.png]
[jekyllrb.com/img/octojekyll.png]
[jekyllrb.com/img/footer-logo.png]
[jekyllrb.com/docs/index.html]
[jekyllrb.com/resources/index.html]
[jekyllrb.com/showcase/index.html]
[jekyllrb.com/news/index.html]
[jekyllrb.com/docs/usage/index.html]
[www.google-analytics.com/analytics.js]
[jekyllrb.com/docs/templates/index.html]
[jekyllrb.com/team/index.html]
[jekyllrb.com/index.html]
[cdn.jsdelivr.net/npm/docsearch.js@2/dist/cdn/docsearch.min.js]
[jekyllrb.com/docs/index.html]
[jekyllrb.com/docs/ruby-101/index.html]
[jekyllrb.com/docs/installation/index.html]
[jekyllrb.com/resources/index.html]
[jekyllrb.com/docs/community/index.html]
[jekyllrb.com/docs/troubleshooting/index.html]
[jekyllrb.com/docs/step-by-step/01-setup/index.html]
[jekyllrb.com/docs/configuration/index.html]
[jekyllrb.com/docs/rendering-process/index.html]
[jekyllrb.com/docs/pages/index.html]
[jekyllrb.com/docs/posts/index.html]
[res.cloudinary.com/jekyll/image/upload/f_auto,q_auto,w_404/showcase/ruby-on-rails.png]
[jekyllrb.com/docs/front-matter/index.html]
[jekyllrb.com/docs/datafiles/index.html]
[jekyllrb.com/docs/collections/index.html]
[res.cloudinary.com/jekyll/image/upload/f_auto,q_auto,w_404/showcase/sketch.jpg]
[jekyllrb.com/docs/structure/index.html]
[jekyllrb.com/docs/assets/index.html]
[jekyllrb.com/docs/static-files/index.html]
[res.cloudinary.com/jekyll/image/upload/f_auto,q_auto,w_404/showcase/spotify-developers.jpg]
[jekyllrb.com/docs/liquid/index.html]
[jekyllrb.com/docs/variables/index.html]
[jekyllrb.com/docs/includes/index.html]
[res.cloudinary.com/jekyll/image/upload/f_auto,q_auto,w_404/showcase/frame-ai.jpg]
[jekyllrb.com/docs/layouts/index.html]
[jekyllrb.com/docs/permalinks/index.html]
[jekyllrb.com/docs/themes/index.html]
[jekyllrb.com/docs/pagination/index.html]
[jekyllrb.com/docs/plugins/index.html]
[jekyllrb.com/docs/upgrading/index.html]
[jekyllrb.com/docs/migrations/index.html]
[res.cloudinary.com/jekyll/image/upload/f_auto,q_auto,w_404/showcase/mozilla-release-blog.jpg]
[jekyllrb.com/tutorials/home/index.html]
[jekyllrb.com/docs/continuous-integration/github-actions/index.html]
[jekyllrb.com/docs/deployment/index.html]
[res.cloudinary.com/jekyll/image/upload/f_auto,q_auto,w_404/showcase/yeoman.png]
[res.cloudinary.com/jekyll/image/upload/f_auto,q_auto,w_404/showcase/twitch-developers.jpg]
[res.cloudinary.com/jekyll/image/upload/f_auto,q_auto,w_404/showcase/netflix.jpg]
[res.cloudinary.com/jekyll/image/upload/f_auto,q_auto,w_404/showcase/world-statistics-day.png]
[res.cloudinary.com/jekyll/image/upload/f_auto,q_auto,w_404/showcase/twitchcon.jpg]
[res.cloudinary.com/jekyll/image/upload/f_auto,q_auto,w_404/showcase/appel-de-paris.png]
[res.cloudinary.com/jekyll/image/upload/f_auto,q_auto,w_404/showcase/beta-gouv-fr.jpg]
[res.cloudinary.com/jekyll/image/upload/f_auto,q_auto,w_404/showcase/isomer.png]
[res.cloudinary.com/jekyll/image/upload/f_auto,q_auto,w_404/showcase/development-seed.jpg]
[res.cloudinary.com/jekyll/image/upload/f_auto,q_auto,w_404/showcase/18f.jpg]
[res.cloudinary.com/jekyll/image/upload/f_auto,q_auto,w_404/showcase/ibm-mobile-foundation.png]
[res.cloudinary.com/jekyll/image/upload/f_auto,q_auto,w_404/showcase/chain.png]
[res.cloudinary.com/jekyll/image/upload/f_auto,q_auto,w_404/showcase/cssreference.png]
[res.cloudinary.com/jekyll/image/upload/f_auto,q_auto,w_404/showcase/htmlreference.png]
[res.cloudinary.com/jekyll/image/upload/f_auto,q_auto,w_404/showcase/digital-democracy.jpg]
[res.cloudinary.com/jekyll/image/upload/f_auto,q_auto,w_404/showcase/mailtape.png]
[res.cloudinary.com/jekyll/image/upload/f_auto,q_auto,w_404/showcase/lattice.jpg]
[res.cloudinary.com/jekyll/image/upload/f_auto,q_auto,w_404/showcase/matt-grey.png]
[res.cloudinary.com/jekyll/image/upload/f_auto,q_auto,w_404/showcase/probot.png]
[res.cloudinary.com/jekyll/image/upload/f_auto,q_auto,w_404/showcase/markdown-guide.jpg]
[res.cloudinary.com/jekyll/image/upload/f_auto,q_auto,w_404/showcase/rehn.jpg]
[res.cloudinary.com/jekyll/image/upload/f_auto,q_auto,w_404/showcase/grantmakers.jpg]
[res.cloudinary.com/jekyll/image/upload/f_auto,q_auto,w_404/showcase/uswds.png]
[res.cloudinary.com/jekyll/image/upload/f_auto,q_auto,w_404/showcase/plainlanguage-gov.png]
[res.cloudinary.com/jekyll/image/upload/f_auto,q_auto,w_404/showcase/login-gov.png]
[res.cloudinary.com/jekyll/image/upload/f_auto,q_auto,w_404/showcase/nsw.png]
[res.cloudinary.com/jekyll/image/upload/f_auto,q_auto,w_404/showcase/italia-it.png]
[res.cloudinary.com/jekyll/image/upload/f_auto,q_auto,w_404/showcase/lightburn.jpg]
[res.cloudinary.com/jekyll/image/upload/f_auto,q_auto,w_404/showcase/collins.jpg]
[res.cloudinary.com/jekyll/image/upload/f_auto,q_auto,w_404/showcase/passbolt-help.png]
[res.cloudinary.com/jekyll/image/upload/f_auto,q_auto,w_404/showcase/art-sydney.jpg]
[res.cloudinary.com/jekyll/image/upload/f_auto,q_auto,w_404/showcase/foia-gov.jpg]
[res.cloudinary.com/jekyll/image/upload/f_auto,q_auto,w_404/showcase/auth0-blog.jpg]
[res.cloudinary.com/jekyll/image/upload/f_auto,q_auto,w_404/showcase/mapwize.jpg]
[res.cloudinary.com/jekyll/image/upload/f_auto,q_auto,w_404/showcase/bitcoin.png]
[res.cloudinary.com/jekyll/image/upload/f_auto,q_auto,w_404/showcase/vidgrid.png]
[res.cloudinary.com/jekyll/image/upload/f_auto,q_auto,w_404/showcase/mvvm.jpg]
[res.cloudinary.com/jekyll/image/upload/f_auto,q_auto,w_404/showcase/kotn.jpg]
[res.cloudinary.com/jekyll/image/upload/f_auto,q_auto,w_404/showcase/vesterheim.jpg]
[res.cloudinary.com/jekyll/image/upload/f_auto,q_auto,w_404/showcase/cloudcannon.jpg]
[res.cloudinary.com/jekyll/image/upload/f_auto,q_auto,w_404/showcase/siteleaf.png]
[res.cloudinary.com/jekyll/image/upload/f_auto,q_auto,w_404/showcase/tom-preston-werner.png]
[jekyllrb.com/showcase/index.html]
[avatars0.githubusercontent.com/ashmarolid452.png]
[jekyllrb.com/news/2024/09/16/jekyll-4-3-4-released/index.html]
[avatars3.githubusercontent.com/parkrd452.jpg]
[jekyllrb.com/news/2024/06/23/jekyll-3-10-0-released/index.html]
[avatars0.githubusercontent.com/mattr-d452.jpg]
[avatars3.githubusercontent.com/dirtyfd452.jpg]
[jekyllrb.com/news/2023/12/28/jekyll-3-9-4-released/index.html]
[jekyllrb.com/news/2023/12/27/jekyll-4-3-3-released/index.html]
[jekyllrb.com/news/2023/01/29/jekyll-3-9-3-released/index.html]
[jekyllrb.com/news/2023/01/20/jekyll-4-3-2-released/index.html]
[jekyllrb.com/news/2022/12/21/jekyll-sass-converter-3.0-released/index.html]
[jekyllrb.com/news/2022/10/26/jekyll-4-3-1-released/index.html]
[jekyllrb.com/news/2022/03/27/jekyll-3-9-2-released/index.html]
[jekyllrb.com/news/2022/10/20/jekyll-4-3-0-released/index.html]
[jekyllrb.com/news/2022/03/03/jekyll-4-2-2-released/index.html]
[avatars2.githubusercontent.com/oed452.jpg]
[jekyllrb.com/news/2021/09/27/jekyll-4-2-1-released/index.html]
[jekyllrb.com/news/2021/04/08/jekyll-3-9-1-released/index.html]
[jekyllrb.com/news/2021/09/14/goodbye-dear-frank/index.html]
[jekyllrb.com/news/2020/12/14/jekyll-4-2-0-released/index.html]
[avatars3.githubusercontent.com/pathawksd452.jpg]
[jekyllrb.com/news/2020/06/24/jekyll-4-1-1-released/index.html]
[jekyllrb.com/news/2020/08/05/jekyll-3-9-0-released/index.html]
[jekyllrb.com/news/2020/05/27/jekyll-4-1-0-released/index.html]
[avatars1.githubusercontent.com/DirtyFd452.jpg]
[jekyllrb.com/news/2020/05/08/jekyll-4-0-1-released/index.html]
[jekyllrb.com/news/2019/08/20/jekyll-4-0-0-released/index.html]
[jekyllrb.com/news/2019/08/04/jekyll-4-0-0-pre-beta1-released/index.html]
[avatars0.githubusercontent.com/mertkahyaoglud452.jpg]
[jekyllrb.com/news/2019/07/02/jekyll-3-8-6-released/index.html]
[jekyllrb.com/news/2018/11/04/jekyll-3-8-5-released/index.html]
[jekyllrb.com/news/2019/03/18/jekyll-4-0-0-pre-alpha1-released/index.html]
[jekyllrb.com/news/2018/09/19/security-fixes-for-3-6-3-7-3-8/index.html]
[avatars0.githubusercontent.com/benbalterd452.jpg]
[jekyllrb.com/news/2018/06/05/jekyll-3-8-3-released/index.html]
[jekyllrb.com/news/2018/05/19/jekyll-3-8-2-released/index.html]
[jekyllrb.com/news/2018/08/01/jekyll-sponsoring/index.html]
[jekyllrb.com/news/2018/05/01/jekyll-3-8-1-released/index.html]
[jekyllrb.com/news/2018/04/19/development-update/index.html]
[avatars0.githubusercontent.com/alfredxingd452.jpg]
[jekyllrb.com/news/index.html]
[jekyllrb.com/news/2018/02/24/jekyll-3-7-3-released/index.html]
[jekyllrb.com/news/2018/02/19/meet-jekyll-s-new-lead-developer/index.html]
[jekyllrb.com/news/2018/04/19/jekyll-3-8-0-released/index.html]
[jekyllrb.com/news/2017/10/21/jekyll-3-6-2-released/index.html]
[jekyllrb.com/news/2017/10/19/diversity-open-source/index.html]
[jekyllrb.com/news/2018/01/25/jekyll-3-7-2-released/index.html]
[jekyllrb.com/docs/usage/index.html]
[jekyllrb.com/news/2018/01/02/jekyll-3-7-0-released/index.html]
[jekyllrb.com/docs/templates/index.html]
[jekyllrb.com/news/2017/09/21/jekyll-3-6-0-released/index.html]
[jekyllrb.com/news/2017/08/12/jekyll-3-5-2-released/index.html]
[jekyllrb.com/news/2017/07/17/jekyll-3-5-1-released/index.html]
[jekyllrb.com/team/index.html]
[jekyllrb.com/news/2017/06/15/jekyll-3-5-0-released/index.html]
[jekyllrb.com/docs/installation/index.html]
[jekyllrb.com/news/2017/03/09/jekyll-3-4-2-released/index.html]
[jekyllrb.com/news/2017/03/21/jekyll-3-4-3-released/index.html]
[jekyllrb.com/news/2017/03/02/jekyll-3-4-1-released/index.html]
[jekyllrb.com/docs/ruby-101/index.html]
[jekyllrb.com/news/2017/01/18/jekyll-3-4-0-released/index.html]
[jekyllrb.com/docs/troubleshooting/index.html]
[jekyllrb.com/news/2016/08/24/jekyll-admin-initial-release/index.html]
[jekyllrb.com/news/2016/10/06/jekyll-3-3-is-here/index.html]
[jekyllrb.com/news/2016/11/14/jekyll-3-3-1-released/index.html]
[jekyllrb.com/docs/community/index.html]
[jekyllrb.com/news/2016/08/02/jekyll-3-2-1-released/index.html]
[jekyllrb.com/docs/step-by-step/01-setup/index.html]
[jekyllrb.com/news/2016/06/03/update-on-jekyll-s-google-summer-of-code-projects/index.html]
[jekyllrb.com/news/2016/05/19/jekyll-3-1-6-released/index.html]
[jekyllrb.com/news/2016/07/26/jekyll-3-2-0-released/index.html]
[jekyllrb.com/news/2016/05/18/jekyll-3-1-5-released/index.html]
[jekyllrb.com/docs/configuration/index.html]
[jekyllrb.com/news/2016/05/18/jekyll-3-1-4-released/index.html]
[jekyllrb.com/docs/rendering-process/index.html]
[jekyllrb.com/news/2016/04/26/jekyll-3-0-5-released/index.html]
[jekyllrb.com/news/2016/04/19/jekyll-3-1-3-released/index.html]
[jekyllrb.com/news/2016/04/19/jekyll-3-0-4-released/index.html]
[jekyllrb.com/news/2016/03/10/making-it-easier-to-contribute-to-jekyll/index.html]
[jekyllrb.com/docs/pages/index.html]
[jekyllrb.com/news/2016/02/19/jekyll-3-1-2-released/index.html]
[jekyllrb.com/news/2016/02/08/jekyll-3-0-3-released/index.html]
[jekyllrb.com/docs/posts/index.html]
[jekyllrb.com/news/2016/01/28/jekyll-3-1-1-released/index.html]
[jekyllrb.com/news/2016/01/24/jekyll-3-1-0-released/index.html]
[jekyllrb.com/news/2016/01/20/jekyll-3-0-2-released/index.html]
[jekyllrb.com/news/2015/11/17/jekyll-3-0-1-released/index.html]
[jekyllrb.com/docs/front-matter/index.html]
[jekyllrb.com/news/2015/10/26/jekyll-3-0-released/index.html]
[jekyllrb.com/news/2015/02/26/introducing-jekyll-talk/index.html]
[jekyllrb.com/news/2015/01/24/jekyll-3-0-0-beta1-released/index.html]
[jekyllrb.com/docs/collections/index.html]
[jekyllrb.com/news/2015/01/20/jekyll-meet-and-greet/index.html]
[jekyllrb.com/news/2014/12/22/jekyll-2-5-3-released/index.html]
[jekyllrb.com/news/2014/12/17/alfredxing-welcome-to-jekyll-core/index.html]
[jekyllrb.com/news/2014/11/12/jekyll-2-5-2-released/index.html]
[jekyllrb.com/docs/datafiles/index.html]
[jekyllrb.com/news/2014/11/09/jekyll-2-5-1-released/index.html]
[jekyllrb.com/news/2014/09/09/jekyll-2-4-0-released/index.html]
[jekyllrb.com/news/2014/08/10/jekyll-2-3-0-released/index.html]
[jekyllrb.com/docs/assets/index.html]
[jekyllrb.com/news/2014/11/05/jekylls-midlife-crisis-jekyll-turns-2-5-0/index.html]
[jekyllrb.com/news/2014/07/29/jekyll-2-2-0-released/index.html]
[jekyllrb.com/news/2014/07/01/jekyll-2-1-1-released/index.html]
[jekyllrb.com/news/2014/06/28/jekyll-turns-21-i-mean-2-1-0/index.html]
[jekyllrb.com/docs/static-files/index.html]
[jekyllrb.com/news/2014/05/08/jekyll-2-0-3-released/index.html]
[jekyllrb.com/news/2014/05/06/jekyll-turns-2-0-0/index.html]
[jekyllrb.com/news/2014/03/27/jekyll-1-5-1-released/index.html]
[jekyllrb.com/news/2014/06/04/jekyll-stickers-1-dollar-stickermule/index.html]
[jekyllrb.com/docs/structure/index.html]
[jekyllrb.com/news/2014/03/24/jekyll-1-5-0-released/index.html]
[jekyllrb.com/news/2014/01/13/jekyll-1-4-3-released/index.html]
[jekyllrb.com/news/2013/12/09/jekyll-1-4-1-released/index.html]
[jekyllrb.com/news/2013/12/16/jekyll-1-4-2-released/index.html]
[jekyllrb.com/docs/liquid/index.html]
[jekyllrb.com/news/2013/12/07/jekyll-1-4-0-released/index.html]
[jekyllrb.com/news/2013/11/04/jekyll-1-3-0-released/index.html]
[jekyllrb.com/news/2013/10/28/jekyll-1-3-0-rc1-released/index.html]
[jekyllrb.com/news/2013/11/26/jekyll-1-3-1-released/index.html]
[jekyllrb.com/docs/variables/index.html]
[jekyllrb.com/news/2013/09/14/jekyll-1-2-1-released/index.html]
[jekyllrb.com/news/2013/09/06/jekyll-1-2-0-released/index.html]
[jekyllrb.com/news/2013/07/25/jekyll-1-1-2-released/index.html]
[jekyllrb.com/news/2013/07/25/jekyll-1-0-4-released/index.html]
[jekyllrb.com/docs/includes/index.html]
[jekyllrb.com/news/2013/07/24/jekyll-1-1-1-released/index.html]
[jekyllrb.com/news/2013/07/14/jekyll-1-1-0-released/index.html]
[jekyllrb.com/news/2013/06/07/jekyll-1-0-3-released/index.html]
[jekyllrb.com/news/2013/05/12/jekyll-1-0-2-released/index.html]
[jekyllrb.com/docs/layouts/index.html]
[jekyllrb.com/news/2013/05/08/jekyll-1-0-1-released/index.html]
[jekyllrb.com/news/2013/05/05/jekyll-1-0-0-released/index.html]
[jekyllrb.com/news/releases/index.html]
[jekyllrb.com/docs/permalinks/index.html]
[jekyllrb.com/docs/history/index.html]
[jekyllrb.com/docs/installation/macos/index.html]
[jekyllrb.com/docs/installation/ubuntu/index.html]
[jekyllrb.com/docs/configuration/options/index.html]
[jekyllrb.com/docs/themes/index.html]
[jekyllrb.com/docs/installation/other-linux/index.html]
[jekyllrb.com/docs/installation/windows/index.html]
[jekyllrb.com/tutorials/using-jekyll-with-bundler/index.html]
[jekyllrb.com/docs/installation/freebsd/index.html]
[jekyllrb.com/docs/pagination/index.html]
[jekyllrb.com/docs/configuration/environments/index.html]
[jekyllrb.com/docs/conduct/index.html]
[jekyllrb.com/docs/security/index.html]
[jekyllrb.com/help/index.html]
[jekyllrb.com/docs/plugins/index.html]
[jekyllrb.com/docs/contributing/index.html]
[jekyllrb.com/docs/maintaining/index.html]
[jekyllrb.com/jekyllconf/index.html]
[jekyllrb.com/docs/community/bug/index.html]
[jekyllrb.com/docs/migrations/index.html]
[jekyllrb.com/docs/step-by-step/02-liquid/index.html]
[jekyllrb.com/docs/step-by-step/10-deployment/index.html]
[jekyllrb.com/docs/step-by-step/03-front-matter/index.html]
[jekyllrb.com/docs/step-by-step/04-layouts/index.html]
[jekyllrb.com/docs/upgrading/index.html]
[jekyllrb.com/docs/step-by-step/06-data-files/index.html]
[jekyllrb.com/docs/step-by-step/07-assets/index.html]
[jekyllrb.com/docs/step-by-step/05-includes/index.html]
[jekyllrb.com/docs/step-by-step/08-blogging/index.html]
[jekyllrb.com/docs/deployment/index.html]
[jekyllrb.com/docs/step-by-step/09-collections/index.html]
[jekyllrb.com/docs/configuration/default/index.html]
[jekyllrb.com/docs/configuration/front-matter-defaults/index.html]
[jekyllrb.com/docs/configuration/markdown/index.html]
[jekyllrb.com/tutorials/home/index.html]
[jekyllrb.com/docs/configuration/liquid/index.html]
[jekyllrb.com/docs/configuration/sass/index.html]
[jekyllrb.com/docs/configuration/webrick/index.html]
[jekyllrb.com/docs/configuration/incremental-regeneration/index.html]
[jekyllrb.com/docs/continuous-integration/github-actions/index.html]
[jekyllrb.com/docs/liquid/tags/index.html]
[jekyllrb.com/docs/liquid/filters/index.html]
[jekyllrb.com/docs/plugins/installation/index.html]
[jekyllrb.com/tutorials/navigation/index.html]
[jekyllrb.com/news/2024/09/16/jekyll-4-3-4-released/index.html]
[jekyllrb.com/docs/plugins/your-first-plugin/index.html]
[jekyllrb.com/docs/plugins/generators/index.html]
[jekyllrb.com/docs/plugins/converters/index.html]
[jekyllrb.com/docs/plugins/commands/index.html]
[jekyllrb.com/docs/plugins/tags/index.html]
[jekyllrb.com/docs/plugins/filters/index.html]
[jekyllrb.com/docs/plugins/hooks/index.html]
[jekyllrb.com/docs/upgrading/0-to-2/index.html]
[jekyllrb.com/docs/upgrading/2-to-3/index.html]
[jekyllrb.com/docs/upgrading/3-to-4/index.html]
[jekyllrb.com/docs/deployment/manual/index.html]
[jekyllrb.com/docs/deployment/automated/index.html]
[jekyllrb.com/docs/deployment/third-party/index.html]
[jekyllrb.com/news/2024/06/23/jekyll-3-10-0-released/index.html]
[jekyllrb.com/docs/home/index.html]
[jekyllrb.com/tutorials/video-walkthroughs/index.html]
[jekyllrb.com/tutorials/orderofinterpretation/index.html]
[jekyllrb.com/tutorials/convert-site-to-jekyll/index.html]
[jekyllrb.com/tutorials/csv-to-table/index.html]
[jekyllrb.com/tutorials/custom-404-page/index.html]
[jekyllrb.com/news/2023/12/28/jekyll-3-9-4-released/index.html]
[jekyllrb.com/news/2023/12/27/jekyll-4-3-3-released/index.html]
[jekyllrb.com/news/2023/01/29/jekyll-3-9-3-released/index.html]
[jekyllrb.com/news/2023/01/20/jekyll-4-3-2-released/index.html]
[jekyllrb.com/news/2022/12/21/jekyll-sass-converter-3.0-released/index.html]
[jekyllrb.com/news/2022/10/26/jekyll-4-3-1-released/index.html]
[jekyllrb.com/news/2022/10/20/jekyll-4-3-0-released/index.html]
[github.githubassets.com/images/icons/emoji/unicode/1f389.png]
[jekyllrb.com/news/2022/03/27/jekyll-3-9-2-released/index.html]
[jekyllrb.com/news/2022/03/03/jekyll-4-2-2-released/index.html]
[github.githubassets.com/images/icons/emoji/unicode/1f490.png]
[jekyllrb.com/news/2021/09/27/jekyll-4-2-1-released/index.html]
[github.githubassets.com/images/icons/emoji/unicode/1f494.png]
[jekyllrb.com/news/2021/09/14/goodbye-dear-frank/index.html]
[jekyllrb.com/news/2021/04/08/jekyll-3-9-1-released/index.html]
[jekyllrb.com/news/2020/12/14/jekyll-4-2-0-released/index.html]
[jekyllrb.com/news/2020/08/05/jekyll-3-9-0-released/index.html]
[jekyllrb.com/news/2020/06/24/jekyll-4-1-1-released/index.html]
[github.githubassets.com/images/icons/emoji/unicode/1f647.png]
[jekyllrb.com/news/2020/05/27/jekyll-4-1-0-released/index.html]
[jekyllrb.com/news/2020/05/08/jekyll-4-0-1-released/index.html]
[github.githubassets.com/images/icons/emoji/unicode/1f605.png]
[github.githubassets.com/images/icons/emoji/unicode/1f642.png]
[jekyllrb.com/news/2019/08/20/jekyll-4-0-0-released/index.html]
[jekyllrb.com/news/2019/08/04/jekyll-4-0-0-pre-beta1-released/index.html]
[jekyllrb.com/news/2019/07/02/jekyll-3-8-6-released/index.html]
[jekyllrb.com/news/2019/03/18/jekyll-4-0-0-pre-alpha1-released/index.html]
[jekyllrb.com/news/2018/11/04/jekyll-3-8-5-released/index.html]
[jekyllrb.com/tutorials/cache-api/index.html]
[github.githubassets.com/images/icons/emoji/unicode/2728.png]
[jekyllrb.com/news/2018/09/19/security-fixes-for-3-6-3-7-3-8/index.html]
[github.githubassets.com/images/icons/emoji/unicode/2764.png]
[jekyllrb.com/img/forestry-logo.svg]
[jekyllrb.com/news/2018/08/01/jekyll-sponsoring/index.html]
[jekyllrb.com/news/2018/06/05/jekyll-3-8-3-released/index.html]
[jekyllrb.com/news/2018/05/19/jekyll-3-8-2-released/index.html]
[jekyllrb.com/news/2018/05/01/jekyll-3-8-1-released/index.html]
[github.githubassets.com/images/icons/emoji/unicode/1f44b.png]
[jekyllrb.com/news/2018/04/19/development-update/index.html]
[github.githubassets.com/images/icons/emoji/unicode/1f603.png]
[jekyllrb.com/news/2018/04/19/jekyll-3-8-0-released/index.html]
[jekyllrb.com/news/2018/02/24/jekyll-3-7-3-released/index.html]
[jekyllrb.com/news/2018/02/19/meet-jekyll-s-new-lead-developer/index.html]
[github.githubassets.com/images/icons/emoji/unicode/1f609.png]
[jekyllrb.com/philosophy/index.html]
[jekyllrb.com/news/2018/01/25/jekyll-3-7-2-released/index.html]
[github.githubassets.com/images/icons/emoji/unicode/1f64f.png]
[jekyllrb.com/news/2018/01/02/jekyll-3-7-0-released/index.html]
[jekyllrb.com/news/2017/10/21/jekyll-3-6-2-released/index.html]
[jekyllrb.com/news/2017/10/19/diversity-open-source/index.html]
[jekyllrb.com/news/2017/09/21/jekyll-3-6-0-released/index.html]
[jekyllrb.com/news/2017/08/12/jekyll-3-5-2-released/index.html]
[jekyllrb.com/news/2017/07/17/jekyll-3-5-1-released/index.html]
[jekyllrb.com/news/2017/06/15/jekyll-3-5-0-released/index.html]
[jekyllrb.com/news/2017/03/21/jekyll-3-4-3-released/index.html]
[jekyllrb.com/news/2017/03/09/jekyll-3-4-2-released/index.html]
[jekyllrb.com/news/2017/03/02/jekyll-3-4-1-released/index.html]
[jekyllrb.com/news/2017/01/18/jekyll-3-4-0-released/index.html]
[jekyllrb.com/news/2016/11/14/jekyll-3-3-1-released/index.html]
[jekyllrb.com/news/2016/10/06/jekyll-3-3-is-here/index.html]
[jekyllrb.com/news/2016/08/24/jekyll-admin-initial-release/index.html]
[github.githubassets.com/images/icons/emoji/unicode/1f41b.png]
[jekyllrb.com/news/2016/08/02/jekyll-3-2-1-released/index.html]
[jekyllrb.com/news/2016/07/26/jekyll-3-2-0-released/index.html]
[jekyllrb.com/news/2016/06/03/update-on-jekyll-s-google-summer-of-code-projects/index.html]
[jekyllrb.com/news/2016/05/19/jekyll-3-1-6-released/index.html]
[jekyllrb.com/news/2016/05/18/jekyll-3-1-5-released/index.html]
[jekyllrb.com/news/2016/05/18/jekyll-3-1-4-released/index.html]
[jekyllrb.com/news/2016/04/26/jekyll-3-0-5-released/index.html]
[jekyllrb.com/news/2016/04/19/jekyll-3-1-3-released/index.html]
[jekyllrb.com/news/2016/04/19/jekyll-3-0-4-released/index.html]
[jekyllrb.com/news/2016/03/10/making-it-easier-to-contribute-to-jekyll/index.html]
[jekyllrb.com/news/2016/02/19/jekyll-3-1-2-released/index.html]
[jekyllrb.com/news/2016/02/08/jekyll-3-0-3-released/index.html]
[jekyllrb.com/news/2016/01/28/jekyll-3-1-1-released/index.html]
[jekyllrb.com/news/2016/01/24/jekyll-3-1-0-released/index.html]
[jekyllrb.com/news/2016/01/20/jekyll-3-0-2-released/index.html]
[jekyllrb.com/news/2015/11/17/jekyll-3-0-1-released/index.html]
[jekyllrb.com/news/2015/10/26/jekyll-3-0-released/index.html]
[jekyllrb.com/news/2015/02/26/introducing-jekyll-talk/index.html]
[jekyllrb.com/news/2015/01/24/jekyll-3-0-0-beta1-released/index.html]
[jekyllrb.com/news/2015/01/20/jekyll-meet-and-greet/index.html]
[jekyllrb.com/news/2014/12/22/jekyll-2-5-3-released/index.html]
[jekyllrb.com/news/2014/12/17/alfredxing-welcome-to-jekyll-core/index.html]
[jekyllrb.com/news/2014/11/12/jekyll-2-5-2-released/index.html]
[jekyllrb.com/news/2014/11/09/jekyll-2-5-1-released/index.html]
[jekyllrb.com/news/2014/11/05/jekylls-midlife-crisis-jekyll-turns-2-5-0/index.html]
[jekyllrb.com/news/2014/09/09/jekyll-2-4-0-released/index.html]
[jekyllrb.com/news/2014/08/10/jekyll-2-3-0-released/index.html]
[jekyllrb.com/news/2014/07/29/jekyll-2-2-0-released/index.html]
[jekyllrb.com/news/2014/07/01/jekyll-2-1-1-released/index.html]
[jekyllrb.com/news/2014/06/28/jekyll-turns-21-i-mean-2-1-0/index.html]
[jekyllrb.com/img/jekyll-sticker.png]
[jekyllrb.com/news/2014/06/04/jekyll-stickers-1-dollar-stickermule/index.html]
[jekyllrb.com/news/2014/05/08/jekyll-2-0-3-released/index.html]
[jekyllrb.com/news/2014/05/06/jekyll-turns-2-0-0/index.html]
[jekyllrb.com/news/2014/03/27/jekyll-1-5-1-released/index.html]
[jekyllrb.com/news/2014/03/24/jekyll-1-5-0-released/index.html]
[jekyllrb.com/news/2014/01/13/jekyll-1-4-3-released/index.html]
[jekyllrb.com/news/2013/12/16/jekyll-1-4-2-released/index.html]
[jekyllrb.com/news/2013/12/09/jekyll-1-4-1-released/index.html]
[jekyllrb.com/news/2013/12/07/jekyll-1-4-0-released/index.html]
[jekyllrb.com/news/2013/11/26/jekyll-1-3-1-released/index.html]
[jekyllrb.com/news/2013/11/04/jekyll-1-3-0-released/index.html]
[jekyllrb.com/news/2013/10/28/jekyll-1-3-0-rc1-released/index.html]
[jekyllrb.com/news/2013/09/14/jekyll-1-2-1-released/index.html]
[jekyllrb.com/news/2013/09/06/jekyll-1-2-0-released/index.html]
[jekyllrb.com/news/2013/07/25/jekyll-1-1-2-released/index.html]
[jekyllrb.com/news/2013/07/25/jekyll-1-0-4-released/index.html]
[jekyllrb.com/news/2013/07/24/jekyll-1-1-1-released/index.html]
[jekyllrb.com/news/2013/07/14/jekyll-1-1-0-released/index.html]
[jekyllrb.com/news/2013/06/07/jekyll-1-0-3-released/index.html]
[jekyllrb.com/news/2013/05/12/jekyll-1-0-2-released/index.html]
[jekyllrb.com/news/2013/05/08/jekyll-1-0-1-released/index.html]
[jekyllrb.com/news/2013/05/05/jekyll-1-0-0-released/index.html]
[jekyllrb.com/news/releases/index.html]
[jekyllrb.com/docs/history/index.html]
[jekyllrb.com/docs/configuration/options/index.html]
[jekyllrb.com/docs/installation/macos/index.html]
[jekyllrb.com/docs/installation/ubuntu/index.html]
[jekyllrb.com/docs/installation/freebsd/index.html]
[jekyllrb.com/docs/installation/other-linux/index.html]
[jekyllrb.com/docs/installation/windows/index.html]
[avatars0.githubusercontent.com/mkasbergd452.jpg]
[jekyllrb.com/tutorials/using-jekyll-with-bundler/index.html]
[jekyllrb.com/help/index.html]
[jekyllrb.com/docs/configuration/environments/index.html]
[jekyllrb.com/docs/conduct/index.html]
[github.githubassets.com/images/icons/emoji/unicode/2705.png]
[github.githubassets.com/images/icons/emoji/unicode/274c.png]
[jekyllrb.com/docs/security/docs/pages/team.md]
[jekyllrb.com/docs/security/index.html]
[jekyllrb.com/docs/contributing/index.html]
[jekyllrb.com/docs/community/bug/index.html]
[jekyllrb.com/docs/maintaining/index.html]
[jekyllrb.com/docs/support/index.html]
[jekyllrb.com/jekyllconf/index.html]
[jekyllrb.com/docs/maintaining/affinity-team-captain/index.html]
[jekyllrb.com/docs/maintaining/reviewing-a-pull-request/index.html]
[jekyllrb.com/docs/maintaining/triaging-an-issue/index.html]
[jekyllrb.com/docs/maintaining/merging-a-pull-request/index.html]
[jekyllrb.com/docs/step-by-step/10-deployment/index.html]
[jekyllrb.com/docs/maintaining/special-labels/index.html]
[jekyllrb.com/docs/step-by-step/02-liquid/index.html]
[jekyllrb.com/docs/maintaining/avoiding-burnout/index.html]
[jekyllrb.com/docs/maintaining/releasing-off-stable-branches/index.html]
[jekyllrb.com/docs/maintaining/releasing-a-new-version/index.html]
[jekyllrb.com/docs/maintaining/becoming-a-maintainer/index.html]
[jekyllrb.com/docs/step-by-step/03-front-matter/index.html]
[jekyllrb.com/docs/step-by-step/04-layouts/index.html]
[jekyllrb.com/docs/step-by-step/05-includes/index.html]
[jekyllrb.com/docs/step-by-step/06-data-files/index.html]
[jekyllrb.com/docs/step-by-step/07-assets/index.html]
[jekyllrb.com/docs/step-by-step/08-blogging/index.html]
[jekyllrb.com/docs/step-by-step/09-collections/index.html]
[jekyllrb.com/docs/configuration/default/index.html]
[jekyllrb.com/docs/configuration/front-matter-defaults/index.html]
[jekyllrb.com/docs/configuration/markdown/index.html]
[jekyllrb.com/docs/configuration/liquid/index.html]
[jekyllrb.com/docs/configuration/sass/index.html]
[jekyllrb.com/docs/configuration/webrick/index.html]
[jekyllrb.com/docs/configuration/incremental-regeneration/index.html]
[jekyllrb.com/docs/liquid/tags/index.html]
[avatars1.githubusercontent.com/tomjohtd452.jpg]
[jekyllrb.com/tutorials/navigation/index.html]
[jekyllrb.com/docs/liquid/filters/index.html]
[jekyllrb.com/docs/plugins/installation/index.html]
[github.githubassets.com/images/icons/emoji/unicode/1f44d.png]
[jekyllrb.com/docs/plugins/your-first-plugin/index.html]
[jekyllrb.com/docs/plugins/generators/index.html]
[jekyllrb.com/docs/plugins/converters/index.html]
[jekyllrb.com/docs/plugins/commands/index.html]
[jekyllrb.com/docs/plugins/tags/index.html]
[jekyllrb.com/docs/plugins/filters/index.html]
[jekyllrb.com/docs/plugins/hooks/index.html]
[jekyllrb.com/docs/upgrading/0-to-2/index.html]
[jekyllrb.com/docs/upgrading/2-to-3/index.html]
[jekyllrb.com/docs/upgrading/3-to-4/index.html]
[jekyllrb.com/docs/deployment/manual/index.html]
[jekyllrb.com/docs/deployment/automated/index.html]
[jekyllrb.com/docs/continuous-integration/travis-ci/index.html]
[jekyllrb.com/docs/deployment/third-party/index.html]
[jekyllrb.com/docs/continuous-integration/buddyworks/index.html]
[jekyllrb.com/docs/continuous-integration/circleci/index.html]
[jekyllrb.com/docs/continuous-integration/razorops/index.html]
[jekyllrb.com/docs/github-pages/index.html]
[jekyllrb.com/docs/home/index.html]
[avatars3.githubusercontent.com/giraffeacademyd452.png]
[jekyllrb.com/tutorials/video-walkthroughs/index.html]
[jekyllrb.com/tutorials/orderofinterpretation/index.html]
[jekyllrb.com/tutorials/custom-404-page/index.html]
[jekyllrb.com/img/jekylllayoutconcept.png]
[jekyllrb.com/tutorials/convert-site-to-jekyll/index.html]
[avatars2.githubusercontent.com/MichaelCurrind452.jpg]
[jekyllrb.com/tutorials/csv-to-table/index.html]
[jekyllrb.com/tutorials/cache-api/index.html]
[jekyllrb.com/philosophy/index.html]
[jekyllrb.com/docs/security/docs/pages/team.html]
[jekyllrb.com/docs/support/index.html]
[github.githubassets.com/images/icons/emoji/unicode/1f604.png]
[jekyllrb.com/docs/maintaining/affinity-team-captain/index.html]
[github.githubassets.com/images/icons/emoji/unicode/1f384.png]
[jekyllrb.com/docs/maintaining/triaging-an-issue/index.html]
[github.githubassets.com/images/icons/emoji/unicode/1f38a.png]
[jekyllrb.com/docs/maintaining/reviewing-a-pull-request/index.html]
[jekyllrb.com/docs/maintaining/merging-a-pull-request/index.html]
[jekyllrb.com/docs/maintaining/avoiding-burnout/index.html]
[jekyllrb.com/docs/maintaining/special-labels/index.html]
[github.githubassets.com/images/icons/emoji/unicode/1f48e.png]
[jekyllrb.com/docs/maintaining/releasing-a-new-version/index.html]
[jekyllrb.com/docs/maintaining/releasing-off-stable-branches/index.html]
[jekyllrb.com/docs/maintaining/becoming-a-maintainer/index.html]
[jekyllrb.com/docs/continuous-integration/travis-ci/index.html]
[jekyllrb.com/docs/continuous-integration/circleci/index.html]
[jekyllrb.com/docs/continuous-integration/buddyworks/index.html]
[jekyllrb.com/docs/continuous-integration/razorops/index.html]
[jekyllrb.com/docs/github-pages/index.html]
[github.com/jekyll/jekyll/commits/master.atom]
[jekyllrb.com/fonts/lato-v14-latin-700.woff2]
[jekyllrb.com/fonts/lato-v14-latin-300.woff2]
[res.cloudinary.com/jekyll/image/upload/f_auto,q_auto,w_404/showcase/ruby-on-rails.png]
[jekyllrb.com/fonts/FontAwesome5656.eot]
[res.cloudinary.com/jekyll/image/upload/f_auto,q_auto,w_404/showcase/sketch.jpg]
[res.cloudinary.com/jekyll/image/upload/f_auto,q_auto,w_404/showcase/frame-ai.jpg]
[res.cloudinary.com/jekyll/image/upload/f_auto,q_auto,w_404/showcase/spotify-developers.jpg]
[jekyllrb.com/fonts/FontAwesome5656.woff]
[res.cloudinary.com/jekyll/image/upload/f_auto,q_auto,w_404/showcase/mozilla-release-blog.jpg]
[res.cloudinary.com/jekyll/image/upload/f_auto,q_auto,w_404/showcase/twitch-developers.jpg]
[res.cloudinary.com/jekyll/image/upload/f_auto,q_auto,w_404/showcase/twitchcon.jpg]
[res.cloudinary.com/jekyll/image/upload/f_auto,q_auto,w_404/showcase/yeoman.png]
[res.cloudinary.com/jekyll/image/upload/f_auto,q_auto,w_404/showcase/isomer.png]
[jekyllrb.com/fonts/FontAwesome5656.ttf]
[res.cloudinary.com/jekyll/image/upload/f_auto,q_auto,w_404/showcase/beta-gouv-fr.jpg]
[res.cloudinary.com/jekyll/image/upload/f_auto,q_auto,w_404/showcase/appel-de-paris.png]
[res.cloudinary.com/jekyll/image/upload/f_auto,q_auto,w_404/showcase/18f.jpg]
[res.cloudinary.com/jekyll/image/upload/f_auto,q_auto,w_404/showcase/digital-democracy.jpg]
[avatars0.githubusercontent.com/ashmarolid452.png]
[jekyllrb.com/fonts/FontAwesome5656.svg]
[res.cloudinary.com/jekyll/image/upload/f_auto,q_auto,w_404/showcase/mailtape.png]
[res.cloudinary.com/jekyll/image/upload/f_auto,q_auto,w_404/showcase/plainlanguage-gov.png]
[jekyllrb.com/fonts/lato-v14-latin-300.woff]
[jekyllrb.com/fonts/lato-v14-latin-300italic.woff2]
[jekyllrb.com/fonts/lato-v14-latin-300italic.woff]
[jekyllrb.com/fonts/lato-v14-latin-regular.woff2]
[jekyllrb.com/fonts/lato-v14-latin-regular.woff]
[jekyllrb.com/fonts/lato-v14-latin-italic.woff2]
[jekyllrb.com/fonts/lato-v14-latin-italic.woff]
[jekyllrb.com/fonts/lato-v14-latin-700.woff]
[jekyllrb.com/fonts/lato-v14-latin-700italic.woff2]
[jekyllrb.com/fonts/lato-v14-latin-700italic.woff]
[jekyllrb.com/fonts/lato-v14-latin-900.woff2]
[jekyllrb.com/fonts/lato-v14-latin-900.woff]
[jekyllrb.com/fonts/lato-v14-latin-900italic.woff2]
[jekyllrb.com/fonts/lato-v14-latin-900italic.woff]
[jekyllrb.com/img/footer-arrow.png]
[jekyllrb.com/img/article-footer.png]
[jekyllrb.com/css/screen.css]
[jekyllrb.com/docs/installation/index.html]
[jekyllrb.com/news/2024/06/23/jekyll-3-10-0-released/index.html]
[jekyllrb.com/img/forestry-logo.svg]
[jekyllrb.com/fonts/FontAwesome5656.svg]
